lincoln production.eks.terra (main) $ iex -S mix
Erlang/OTP 25 [erts-13.2] [source] [64-bit] [smp:5:5] [ds:5:5:10] [async-threads:1] [jit]

Compiling 3 files (.ex)
Generated lincoln app
Interactive Elixir (1.14.3) - press Ctrl+C to exit (type h() ENTER for help)
iex(1)> alias Lincoln.
MixProject    MyList        TList         hello/0
iex(1)> alias Lincoln.M
MixProject    MyList
iex(1)> alias Lincoln.M
Lincoln.M
iex(2)> alias Lincoln.MyList
Lincoln.MyList
iex(3)> MyList.sum(1..3)
** (FunctionClauseError) no function clause matching in Lincoln.MyList.sum/1

    The following arguments were given to Lincoln.MyList.sum/1:

        # 1
        1..3

    Attempted function clauses (showing 2 out of 2):

        def sum([])
        def sum([value | list])

    (lincoln 0.1.0) lib/my_list.ex:23: Lincoln.MyList.sum/1
    iex:3: (file)
iex(3)> MyList.sum([1..3])
** (ArithmeticError) bad argument in arithmetic expression: 1..3 + 0
    :erlang.+(1..3, 0)
    (lincoln 0.1.0) lib/my_list.ex:28: Lincoln.MyList.sum/1
    iex:3: (file)
iex(3)> MyList.sum([1,2,3])
6
iex(4)> MyList.total([1,2,3],0 )
6
iex(5)> MyList.total([1,2,3],42)
48
iex(6)> MyList.total([1,2,3],36)
42
iex(7)> list = []
[]
iex(8)> [head | tail] = list
** (MatchError) no match of right hand side value: []
    (stdlib 4.3) erl_eval.erl:496: :erl_eval.expr/6
    iex:8: (file)
iex(8)> list = [1]
[1]
iex(9)> [head | tail] = list
[1]
iex(10)> head
1
iex(11)> tail
[]
iex(12)> list hd
** (CompileError) iex:12: undefined function list/1 (there is no such import)
    (elixir 1.14.3) src/elixir.erl:376: :elixir.quoted_to_erl/4
    (elixir 1.14.3) src/elixir.erl:277: :elixir.eval_forms/4
    (elixir 1.14.3) lib/module/parallel_checker.ex:110: Module.ParallelChecker.verify/1
    (iex 1.14.3) lib/iex/evaluator.ex:329: IEx.Evaluator.eval_and_inspect/3
    (iex 1.14.3) lib/iex/evaluator.ex:303: IEx.Evaluator.eval_and_inspect_parsed/3
    (iex 1.14.3) lib/iex/evaluator.ex:292: IEx.Evaluator.parse_eval_inspect/3
    (iex 1.14.3) lib/iex/evaluator.ex:187: IEx.Evaluator.loop/1
iex(12)> list |> head
** (CompileError) iex:12: undefined function head/1 (there is no such import)
    (elixir 1.14.3) expanding macro: Kernel.|>/2
    iex:12: (file)
iex(12)> list |> hd
1
iex(13)>